// Jest Snapshot v1, https://goo.gl/fbAQLP

exports[`render should be match markup 1`] = `
<section
  className="catalog catalog--like-this"
>
  <h2
    className="catalog__title"
  >
    More like this
  </h2>
  <div
    className="catalog__movies-list"
  >
    <article
      className="small-movie-card catalog__movies-card"
    >
      <div
        className="small-movie-card__image"
      >
        <img
          alt="Fantastic Beasts: The Crimes of Grindelwald"
          height="175"
          src="https://loremflickr.com/cache/resized/65535_50001660108_922f0950ea_z_273_410_nofilter.jpg"
          width="280"
        />
      </div>
      <h3
        className="small-movie-card__title"
      >
        <a
          className="small-movie-card__link"
          href="movie-page.html"
        >
          Bohemian Rhapsody
        </a>
      </h3>
    </article>
  </div>
</section>
`;
