// Jest Snapshot v1, https://goo.gl/fbAQLP

exports[`Full Player should render correctly 1`] = `
<div
  className="player"
>
  <video />
  <button
    className="player__exit"
    onClick={[Function]}
    type="button"
  >
    Exit
  </button>
  <div
    className="player__controls"
  >
    <div
      className="player__controls-row"
    >
      <div
        className="player__time"
      >
        <progress
          className="player__progress"
          max={99}
          value={10}
        />
        <div
          className="player__toggler"
          style={
            Object {
              "left": "10.1010101010101%",
            }
          }
        >
          Toggler
        </div>
      </div>
      <div
        className="player__time-value"
      >
        00:01:29
      </div>
    </div>
    <div
      className="player__controls-row"
    >
      <button
        className="player__play"
        onClick={[Function]}
        type="button"
      >
        <svg
          height="19"
          id="play-s"
          viewBox="0 0 19 19"
          width="19"
        >
          <path
            clipRule="evenodd"
            d="M0 0L19 9.5L0 19V0Z"
            fill="#EEE5B5"
            fillRule="evenodd"
          />
        </svg>
        <span>
          Play
        </span>
      </button>
      <div
        className="player__name"
      >
        The Grand Budapest Hotel
      </div>
      <button
        className="player__full-screen"
        onClick={[Function]}
        type="button"
      >
        <svg
          height="27"
          viewBox="0 0 27 27"
          width="27"
        >
          <use
            xlinkHref="#full-screen"
          />
        </svg>
        <span>
          Full screen
        </span>
      </button>
    </div>
  </div>
</div>
`;
