// Jest Snapshot v1, https://goo.gl/fbAQLP

exports[`render should be match markup 1`] = `
Array [
  <section
    className="movie-card"
  >
    <div
      className="movie-card__bg"
    >
      <img
        alt="The Grand Budapest Hotel"
        src="https://loremflickr.com/cache/resized/65535_49768198796_957c97bc00_h_1280_543_nofilter.jpg"
      />
    </div>
    <h1
      className="visually-hidden"
    >
      WTW
    </h1>
    <header
      className="page-header movie-card__head"
    >
      <div
        className="logo"
      >
        <a
          className="logo__link"
          href="/"
          onClick={[Function]}
        >
          <span
            className="logo__letter logo__letter--1"
          >
            W
          </span>
          <span
            className="logo__letter logo__letter--2"
          >
            T
          </span>
          <span
            className="logo__letter logo__letter--3"
          >
            W
          </span>
        </a>
      </div>
      <div
        className="user-block"
      >
        <a
          href="/mylist"
          onClick={[Function]}
        >
          <div
            className="user-block__avatar"
          >
            <img
              alt="undefined avatar"
              height="63"
              width="63"
            />
          </div>
        </a>
      </div>
    </header>
    <div
      className="movie-card__wrap"
    >
      <div
        className="movie-card__info"
      >
        <div
          className="movie-card__poster"
        >
          <img
            alt="Bohemian Rhapsody poster"
            height="327"
            src="https://loremflickr.com/cache/resized/65535_50001660108_922f0950ea_z_273_410_nofilter.jpg"
            width="218"
          />
        </div>
        <div
          className="movie-card__desc"
        >
          <h2
            className="movie-card__title"
          >
            Bohemian Rhapsody
          </h2>
          <p
            className="movie-card__meta"
          >
            <span
              className="movie-card__genre"
            >
              Drama
            </span>
            <span
              className="movie-card__year"
            >
              2018
            </span>
          </p>
          <div
            className="movie-card__buttons"
          >
            <a
              className="btn btn--play movie-card__button"
              href="/player/2"
              onClick={[Function]}
            >
              <svg
                height="19"
                id="play-s"
                viewBox="0 0 19 19"
                width="19"
              >
                <path
                  clipRule="evenodd"
                  d="M0 0L19 9.5L0 19V0Z"
                  fill="#EEE5B5"
                  fillRule="evenodd"
                />
              </svg>
              <span>
                Play
              </span>
            </a>
            <button
              className="btn btn--list movie-card__button"
              onClick={[Function]}
              type="button"
            >
              <svg
                height="20"
                viewBox="0 0 19 20"
                width="19"
              >
                <use
                  xlinkHref="#add"
                />
              </svg>
              <span>
                My list
              </span>
            </button>
          </div>
        </div>
      </div>
    </div>
  </section>,
  <div
    className="page-content"
  >
    <section
      className="catalog"
    >
      <h2
        className="catalog__title visually-hidden"
      >
        Catalog
      </h2>
      <ul
        className="catalog__genres-list"
      >
        <li
          className="catalog__genres-item"
        >
          <a
            className="catalog__genres-link"
            href="#"
            onClick={[Function]}
          >
            All genres
          </a>
        </li>
        <li
          className="catalog__genres-item"
        >
          <a
            className="catalog__genres-link"
            href="#"
            onClick={[Function]}
          >
            Fantasy
          </a>
        </li>
        <li
          className="catalog__genres-item"
        >
          <a
            className="catalog__genres-link"
            href="#"
            onClick={[Function]}
          >
            Drama
          </a>
        </li>
      </ul>
      <div
        className="catalog__movies-list"
      />
    </section>
    <footer
      className="page-footer"
    >
      <div
        className="logo"
      >
        <a
          className="logo__link logo__link--light"
          href="/"
          onClick={[Function]}
        >
          <span
            className="logo__letter logo__letter--1"
          >
            W
          </span>
          <span
            className="logo__letter logo__letter--2"
          >
            T
          </span>
          <span
            className="logo__letter logo__letter--3"
          >
            W
          </span>
        </a>
      </div>
      <div
        className="copyright"
      >
        <p>
          Â© 2020 What to watch Ltd.
        </p>
      </div>
    </footer>
  </div>,
]
`;
