// Jest Snapshot v1, https://goo.gl/fbAQLP

exports[`render should be match markup 1`] = `
Array [
  <div
    className="movie-rating"
  >
    <div
      className="movie-rating__score"
    >
      7.8
    </div>
    <p
      className="movie-rating__meta"
    >
      <span
        className="movie-rating__level"
      >
        Very good
      </span>
      <span
        className="movie-rating__count"
      >
        10 ratings
      </span>
    </p>
  </div>,
  <div
    className="movie-card__text"
  >
    <p>
      Lorem ipsum dolor sit amet consectetur adipisicing elit. Reiciendis natus ipsa ut     possimus laudantium excepturi magni! Soluta doloribus facere quaerat, optio ab ratione quas provident nobis. Accusamus incidunt unde dicta.
    </p>
    <p>
      Lorem ipsum dolor sit amet consectetur adipisicing elit. Reiciendis natus ipsa ut     possimus laudantium excepturi magni! Soluta doloribus facere quaerat, optio ab ratione quas provident nobis. Accusamus incidunt unde dicta.
    </p>
    <p
      className="movie-card__director"
    >
      <strong>
        Director: 
        Director
      </strong>
    </p>
    <p
      className="movie-card__starring"
    >
      <strong>
        Starring: 
        Actor 1, Actor 2, Actor 3, Actor 4, Actor 5
      </strong>
    </p>
  </div>,
]
`;
